policy --debug nonexistent


Plus 8 lines on stderr
