endpoint -r tigera-lwr-kubetest-02/ --hide-selectors

Policies and profiles for endpoints matching "tigera-lwr-kubetest-02/":

Workload endpoint k8s/advanced-policy-demo.nginx-2371676037-bk6v2/eth0
  Policies:
    Policy "donottrack" (order 500) [untracked]
    Policy "advanced-policy-demo/abcdefghijklmnopqrstuvwxyz" (order 400)
  Profiles:
    Profile "k8s-ns.advanced-policy-demo"

Plus 2 lines on stderr
