endpoint default.frontend-5gs43

Policies that match each endpoint:

Workload endpoint k8s/default.frontend-5gs43/eth0
  Policies:
  Profiles:
    Profile profile1
