eval -d app=="nonexistent"

Endpoints matching selector app=="nonexistent":

Plus 69 lines on stderr
