host --debug nonexistent

Policies and profiles for each endpoint on host "nonexistent":

Plus 121 lines on stderr
