policy --debug nonexistent


Plus 7 lines on stderr
