{
 "pan.address.group-12-3opqd": {
  "metadata": {
   "name": "pan.address.group-12-3opqd",
   "creationTimestamp": null,
   "labels": {
    "firewall.tigera.io/tag2": "",
    "firewall.tigera.io/tag3": ""
   },
   "annotations": {
    "firewall.tigera.io/device-groups": "shared",
    "firewall.tigera.io/errors": "unsupported-ip-ranges-present,unsupported-ip-wildcards-present",
    "firewall.tigera.io/name": "address.Group-12",
    "firewall.tigera.io/object-type": "AddressGroup",
    "firewall.tigera.io/type": "Panorama"
   }
  },
  "spec": {
   "nets": [
    "10.10.10.10/31",
    "10.10.10.12/31"
   ],
   "allowedEgressDomains": [
    "www.tigera-test1.gr",
    "www.tigera-test5.gr"
   ]
  }
 },
 "pan.address.group-13-4o36p": {
  "metadata": {
   "name": "pan.address.group-13-4o36p",
   "creationTimestamp": null,
   "labels": {
    "firewall.tigera.io/tag3": ""
   },
   "annotations": {
    "firewall.tigera.io/device-groups": "shared",
    "firewall.tigera.io/errors": "unsupported-ip-ranges-present",
    "firewall.tigera.io/name": "address.Group-13",
    "firewall.tigera.io/object-type": "AddressGroup",
    "firewall.tigera.io/type": "Panorama"
   }
  },
  "spec": {
   "nets": [
    "10.10.10.11/31",
    "10.10.10.14/32"
   ]
  }
 },
 "pan.address.group-14-71nmi": {
  "metadata": {
   "name": "pan.address.group-14-71nmi",
   "creationTimestamp": null,
   "labels": {
    "firewall.tigera.io/tag3": ""
   },
   "annotations": {
    "firewall.tigera.io/device-groups": "shared",
    "firewall.tigera.io/errors": "unsupported-ip-ranges-present,unsupported-ip-wildcards-present",
    "firewall.tigera.io/name": "address.Group-14",
    "firewall.tigera.io/object-type": "AddressGroup",
    "firewall.tigera.io/type": "Panorama"
   }
  },
  "spec": {
   "nets": [
    "10.10.10.10/31",
    "10.10.10.11/31",
    "10.10.10.14/31",
    "222.222.221.14/5"
   ],
   "allowedEgressDomains": [
    "www.tigera-test1.gr",
    "www.tigera-test6.gr"
   ]
  }
 },
 "pan.address.group5": {
  "metadata": {
   "name": "pan.address.group5",
   "creationTimestamp": null,
   "labels": {
    "firewall.tigera.io/tag1": "",
    "firewall.tigera.io/tag3": ""
   },
   "annotations": {
    "firewall.tigera.io/device-groups": "shared",
    "firewall.tigera.io/errors": "",
    "firewall.tigera.io/name": "address.group5",
    "firewall.tigera.io/object-type": "AddressGroup",
    "firewall.tigera.io/type": "Panorama"
   }
  },
  "spec": {
   "nets": [
    "10.10.10.10/31",
    "10.10.10.13/31"
   ],
   "allowedEgressDomains": [
    "www.tigera-test1.gr",
    "www.tigera-test4.gr"
   ]
  }
 }
}
