{
 "pan.address.group10": {
  "metadata": {
   "name": "pan.address.group10",
   "creationTimestamp": null,
   "labels": {
    "firewall.tigera.io/address-group":"address.group10",
    "firewall.tigera.io/tag2": ""
   },
   "annotations": {
    "firewall.tigera.io/device-groups": "device_group1",
    "firewall.tigera.io/errors": "unsupported-ip-ranges-present,unsupported-ip-wildcards-present",
    "firewall.tigera.io/name": "address.group10",
    "firewall.tigera.io/object-type": "AddressGroup",
    "firewall.tigera.io/type": "Panorama"
   }
  },
  "spec": {
   "nets": [
    "10.10.10.10/31",
    "10.10.10.12/31"
   ],
   "allowedEgressDomains": [
    "www.tigera-test1.gr",
    "www.tigera-test5.gr"
   ]
  }
 },
 "pan.address.group2": {
  "metadata": {
   "name": "pan.address.group2",
   "creationTimestamp": null,
   "labels": {
    "firewall.tigera.io/address-group":"address.group2",
    "firewall.tigera.io/tag2": "",
    "firewall.tigera.io/tag3": ""
   },
   "annotations": {
    "firewall.tigera.io/device-groups": "device_group1",
    "firewall.tigera.io/errors": "",
    "firewall.tigera.io/name": "address.group2",
    "firewall.tigera.io/object-type": "AddressGroup",
    "firewall.tigera.io/type": "Panorama"
   }
  },
  "spec": {}
 },
 "pan.address.group6": {
  "metadata": {
   "name": "pan.address.group6",
   "creationTimestamp": null,
   "labels": {
    "firewall.tigera.io/address-group":"address.group6",
    "firewall.tigera.io/tag1": "",
    "firewall.tigera.io/tag2": ""
   },
   "annotations": {
    "firewall.tigera.io/device-groups": "device_group1",
    "firewall.tigera.io/errors": "",
    "firewall.tigera.io/name": "address.group6",
    "firewall.tigera.io/object-type": "AddressGroup",
    "firewall.tigera.io/type": "Panorama"
   }
  },
  "spec": {
   "nets": [
    "10.10.10.10/31",
    "10.10.10.11/31",
    "10.10.10.13/31",
    "10.10.10.14/32"
   ],
   "allowedEgressDomains": [
    "www.tigera-test1.gr"
   ]
  }
 }
}
