{
 "pan.address.group1": {
  "metadata": {
   "name": "pan.address.group1",
   "creationTimestamp": null,
   "labels": {
    "firewall.tigera.io/address-group": "address.group1",
    "firewall.tigera.io/tag1": ""
   },
   "annotations": {
    "firewall.tigera.io/device-groups": "shared",
    "firewall.tigera.io/errors": "unsupported-ip-ranges-present,unsupported-ip-wildcards-present",
    "firewall.tigera.io/name": "address.group1",
    "firewall.tigera.io/object-type": "AddressGroup",
    "firewall.tigera.io/type": "Panorama"
   }
  },
  "spec": {
   "nets": [
    "10.10.10.10/31",
    "10.10.10.12/31",
    "10.10.10.13/31"
   ],
   "allowedEgressDomains": [
    "www.tigera-test1.gr",
    "www.tigera-test4.gr",
    "www.tigera-test5.gr"
   ]
  }
 },
 "pan.address.group11": {
  "metadata": {
   "name": "pan.address.group11",
   "creationTimestamp": null,
   "labels": {
    "firewall.tigera.io/address-group": "address.group11",
    "firewall.tigera.io/tag1": "",
    "firewall.tigera.io/tag3": ""
   },
   "annotations": {
    "firewall.tigera.io/device-groups": "shared",
    "firewall.tigera.io/errors": "",
    "firewall.tigera.io/name": "address.group11",
    "firewall.tigera.io/object-type": "AddressGroup",
    "firewall.tigera.io/type": "Panorama"
   }
  },
  "spec": {
   "nets": [
    "222.222.221.14/5"
   ]
  }
 },
 "pan.address.group2": {
  "metadata": {
   "name": "pan.address.group2",
   "creationTimestamp": null,
   "labels": {
    "firewall.tigera.io/address-group": "address.group2",
    "firewall.tigera.io/tag2": "",
    "firewall.tigera.io/tag3": ""
   },
   "annotations": {
    "firewall.tigera.io/device-groups": "shared",
    "firewall.tigera.io/errors": "",
    "firewall.tigera.io/name": "address.group2",
    "firewall.tigera.io/object-type": "AddressGroup",
    "firewall.tigera.io/type": "Panorama"
   }
  },
  "spec": {}
 },
 "pan.address.group3": {
  "metadata": {
   "name": "pan.address.group3",
   "creationTimestamp": null,
   "labels": {
    "firewall.tigera.io/address-group": "address.group3",
    "firewall.tigera.io/tag3": ""
   },
   "annotations": {
    "firewall.tigera.io/device-groups": "shared",
    "firewall.tigera.io/errors": "unsupported-ip-ranges-present,unsupported-ip-wildcards-present",
    "firewall.tigera.io/name": "address.group3",
    "firewall.tigera.io/object-type": "AddressGroup",
    "firewall.tigera.io/type": "Panorama"
   }
  },
  "spec": {
   "nets": [
    "10.10.10.10/31",
    "10.10.10.11/31",
    "10.10.10.12/31",
    "10.10.10.13/31",
    "10.10.10.14/31"
   ],
   "allowedEgressDomains": [
    "www.tigera-test1.gr",
    "www.tigera-test4.gr",
    "www.tigera-test5.gr",
    "www.tigera-test6.gr"
   ]
  }
 },
 "pan.address.group4": {
  "metadata": {
   "name": "pan.address.group4",
   "creationTimestamp": null,
   "labels": {
    "firewall.tigera.io/address-group": "address.group4",
    "firewall.tigera.io/tag1": "",
    "firewall.tigera.io/tag3": ""
   },
   "annotations": {
    "firewall.tigera.io/device-groups": "shared",
    "firewall.tigera.io/errors": "unsupported-ip-ranges-present,unsupported-ip-wildcards-present",
    "firewall.tigera.io/name": "address.group4",
    "firewall.tigera.io/object-type": "AddressGroup",
    "firewall.tigera.io/type": "Panorama"
   }
  },
  "spec": {
   "nets": [
    "10.10.10.10/31",
    "10.10.10.12/31"
   ],
   "allowedEgressDomains": [
    "www.tigera-test1.gr",
    "www.tigera-test5.gr"
   ]
  }
 },
 "pan.address.group5": {
  "metadata": {
   "name": "pan.address.group5",
   "creationTimestamp": null,
   "labels": {
    "firewall.tigera.io/address-group": "address.group5",
    "firewall.tigera.io/tag1": "",
    "firewall.tigera.io/tag3": ""
   },
   "annotations": {
    "firewall.tigera.io/device-groups": "shared",
    "firewall.tigera.io/errors": "",
    "firewall.tigera.io/name": "address.group5",
    "firewall.tigera.io/object-type": "AddressGroup",
    "firewall.tigera.io/type": "Panorama"
   }
  },
  "spec": {
   "nets": [
    "10.10.10.10/31",
    "10.10.10.13/31"
   ],
   "allowedEgressDomains": [
    "www.tigera-test1.gr",
    "www.tigera-test4.gr"
   ]
  }
 },
 "pan.address.group6": {
  "metadata": {
   "name": "pan.address.group6",
   "creationTimestamp": null,
   "labels": {
    "firewall.tigera.io/address-group": "address.group6",
    "firewall.tigera.io/tag1": "",
    "firewall.tigera.io/tag2": ""
   },
   "annotations": {
    "firewall.tigera.io/device-groups": "shared",
    "firewall.tigera.io/errors": "",
    "firewall.tigera.io/name": "address.group6",
    "firewall.tigera.io/object-type": "AddressGroup",
    "firewall.tigera.io/type": "Panorama"
   }
  },
  "spec": {
   "nets": [
    "10.10.10.10/31",
    "10.10.10.11/31",
    "10.10.10.13/31",
    "10.10.10.14/32"
   ],
   "allowedEgressDomains": [
    "www.tigera-test1.gr"
   ]
  }
 },
 "pan.address.group7": {
  "metadata": {
   "name": "pan.address.group7",
   "creationTimestamp": null,
   "labels": {
    "firewall.tigera.io/address-group": "address.group7",
    "firewall.tigera.io/tag1": "",
    "firewall.tigera.io/tag3": ""
   },
   "annotations": {
    "firewall.tigera.io/device-groups": "shared",
    "firewall.tigera.io/errors": "unsupported-ip-ranges-present,unsupported-ip-wildcards-present",
    "firewall.tigera.io/name": "address.group7",
    "firewall.tigera.io/object-type": "AddressGroup",
    "firewall.tigera.io/type": "Panorama"
   }
  },
  "spec": {
   "nets": [
    "10.10.10.10/31",
    "10.10.10.11/31",
    "10.10.10.12/31",
    "10.10.10.13/31"
   ],
   "allowedEgressDomains": [
    "www.tigera-test1.gr",
    "www.tigera-test4.gr",
    "www.tigera-test5.gr"
   ]
  }
 },
 "pan.address.group8": {
  "metadata": {
   "name": "pan.address.group8",
   "creationTimestamp": null,
   "labels": {
    "firewall.tigera.io/address-group": "address.group8",
    "firewall.tigera.io/tag1": "",
    "firewall.tigera.io/tag3": ""
   },
   "annotations": {
    "firewall.tigera.io/device-groups": "shared",
    "firewall.tigera.io/errors": "unsupported-ip-ranges-present,unsupported-ip-wildcards-present",
    "firewall.tigera.io/name": "address.group8",
    "firewall.tigera.io/object-type": "AddressGroup",
    "firewall.tigera.io/type": "Panorama"
   }
  },
  "spec": {
   "nets": [
    "10.10.10.10/31",
    "10.10.10.11/31",
    "10.10.10.12/31",
    "10.10.10.13/31"
   ],
   "allowedEgressDomains": [
    "www.tigera-test1.gr",
    "www.tigera-test4.gr",
    "www.tigera-test5.gr"
   ]
  }
 },
 "pan.address.group9": {
  "metadata": {
   "name": "pan.address.group9",
   "creationTimestamp": null,
   "labels": {
    "firewall.tigera.io/address-group": "address.group9",
    "firewall.tigera.io/85043jgfj-hsp8v": "",
    "firewall.tigera.io/tag3": ""
   },
   "annotations": {
    "firewall.tigera.io/device-groups": "shared",
    "firewall.tigera.io/errors": "unsupported-ip-ranges-present,unsupported-ip-wildcards-present",
    "firewall.tigera.io/name": "address.group9",
    "firewall.tigera.io/object-type": "AddressGroup",
    "firewall.tigera.io/type": "Panorama"
   }
  },
  "spec": {
   "nets": [
    "10.10.10.10/31",
    "10.10.10.12/31",
    "10.10.10.13/31"
   ],
   "allowedEgressDomains": [
    "www.tigera-test1.gr",
    "www.tigera-test4.gr",
    "www.tigera-test5.gr"
   ]
  }
 }
}
