policy group1/p1 -r

Policy "group1/p1" applies to these endpoints:
  Workload endpoint host1/k8s/group1.g1w1/eth0; selector "(projectcalico.org/namespace == 'group1') && projectcalico.org/namespace == 'group1'"
  Workload endpoint host1/k8s/group1.g1w2/eth0; selector "(projectcalico.org/namespace == 'group1') && projectcalico.org/namespace == 'group1'"
  Workload endpoint host1/k8s/group1.g1w3/eth0; selector "(projectcalico.org/namespace == 'group1') && projectcalico.org/namespace == 'group1'"

Plus 2 lines on stderr
