policy group1/p1

Policy "group1/p1" applies to these endpoints:
  Workload endpoint host1/k8s/group1.g1w1/eth0; selector "(projectcalico.org/namespace == 'group1') && projectcalico.org/namespace == 'group1'"
  Workload endpoint host1/k8s/group1.g1w2/eth0; selector "(projectcalico.org/namespace == 'group1') && projectcalico.org/namespace == 'group1'"
  Workload endpoint host1/k8s/group1.g1w3/eth0; selector "(projectcalico.org/namespace == 'group1') && projectcalico.org/namespace == 'group1'"

Endpoints matching Policy "group1/p1" rules:
  Workload endpoint host1/k8s/group1.g1w1/eth0
    outbound rule 1 destination match; selector "(projectcalico.org/namespace == 'group1') && (projectcalico.org/namespace == 'group1')"
  Workload endpoint host1/k8s/group1.g1w2/eth0
    outbound rule 1 destination match; selector "(projectcalico.org/namespace == 'group1') && (projectcalico.org/namespace == 'group1')"
  Workload endpoint host1/k8s/group1.g1w3/eth0
    outbound rule 1 destination match; selector "(projectcalico.org/namespace == 'group1') && (projectcalico.org/namespace == 'group1')"
