policy group1/p1 -s

Policy "group1/p1" applies to these endpoints:
  Workload endpoint host1/k8s/group1.g1w1/eth0
  Workload endpoint host1/k8s/group1.g1w2/eth0
  Workload endpoint host1/k8s/group1.g1w3/eth0

Endpoints matching Policy "group1/p1" rules:
  Workload endpoint host1/k8s/group1.g1w1/eth0
    outbound rule 1 destination match
  Workload endpoint host1/k8s/group1.g1w2/eth0
    outbound rule 1 destination match
  Workload endpoint host1/k8s/group1.g1w3/eth0
    outbound rule 1 destination match

Plus 2 lines on stderr
