host tigera-lwr-kubetest-02

Policies and profiles for each endpoint on host "tigera-lwr-kubetest-02":

Workload endpoint k8s/advanced-policy-demo.nginx-2371676037-bk6v2/eth0
  Policies:
    Policy "donottrack" (order 500; selector "projectcalico.org/namespace == 'advanced-policy-demo'") [untracked]
    Policy "advanced-policy-demo/abcdefghijklmnopqrstuvwxyz" (order 400; selector "(projectcalico.org/namespace == 'advanced-policy-demo') && projectcalico.org/namespace == 'advanced-policy-demo'")
  Profiles:
    Profile "k8s-ns.advanced-policy-demo"
  Rule matches:
    Policy "advanced-policy-demo/abcdefghijklmnopqrstuvwxyz" outbound rule 1 destination match; selector "(projectcalico.org/namespace == 'advanced-policy-demo') && (projectcalico.org/namespace == 'advanced-policy-demo')"
