endpoint host1 -s

Policies and profiles for endpoints matching "host1":

Workload endpoint k8s/g1w1/eth0
  Policies:
    Policy "p1" (order 500)
  Profiles:
    Profile "group1"
  Rule matches:
    Policy "abcdefghijklmnopqrstuvwxyzABCDEFGHIJKLMNOPQRSTUVWXYZ" inbound rule 1 source match
    Policy "abcdefghijklmnopqrstuvwxyzABCDEFGHIJKLMNOPQRSTUVWXYZ" outbound rule 1 destination match
    Policy "p1" outbound rule 1 destination match

Workload endpoint k8s/g1w2/eth0
  Policies:
    Policy "p1" (order 500)
  Profiles:
    Profile "group1"
  Rule matches:
    Policy "abcdefghijklmnopqrstuvwxyzABCDEFGHIJKLMNOPQRSTUVWXYZ" inbound rule 1 source match
    Policy "abcdefghijklmnopqrstuvwxyzABCDEFGHIJKLMNOPQRSTUVWXYZ" outbound rule 1 destination match
    Policy "p1" outbound rule 1 destination match

Workload endpoint k8s/g1w3/eth0
  Policies:
    Policy "p1" (order 500)
  Profiles:
    Profile "group1"
  Rule matches:
    Policy "abcdefghijklmnopqrstuvwxyzABCDEFGHIJKLMNOPQRSTUVWXYZ" inbound rule 1 source match
    Policy "abcdefghijklmnopqrstuvwxyzABCDEFGHIJKLMNOPQRSTUVWXYZ" outbound rule 1 destination match
    Policy "p1" outbound rule 1 destination match

Workload endpoint k8s/g2w1/eth0
  Policies:
    Policy "abcdefghijklmnopqrstuvwxyzABCDEFGHIJKLMNOPQRSTUVWXYZ" (order 400)
  Profiles:
    Profile "group2"
  Rule matches:
    Policy "abcdefghijklmnopqrstuvwxyzABCDEFGHIJKLMNOPQRSTUVWXYZ" inbound rule 1 source match
    Policy "abcdefghijklmnopqrstuvwxyzABCDEFGHIJKLMNOPQRSTUVWXYZ" outbound rule 1 destination match
    Policy "p1" inbound rule 1 source match

Workload endpoint k8s/g2w2/eth0
  Policies:
    Policy "abcdefghijklmnopqrstuvwxyzABCDEFGHIJKLMNOPQRSTUVWXYZ" (order 400)
  Profiles:
    Profile "group2"
  Rule matches:
    Policy "abcdefghijklmnopqrstuvwxyzABCDEFGHIJKLMNOPQRSTUVWXYZ" inbound rule 1 source match
    Policy "abcdefghijklmnopqrstuvwxyzABCDEFGHIJKLMNOPQRSTUVWXYZ" outbound rule 1 destination match
    Policy "p1" inbound rule 1 source match

Workload endpoint k8s/g2w3/eth0
  Policies:
    Policy "abcdefghijklmnopqrstuvwxyzABCDEFGHIJKLMNOPQRSTUVWXYZ" (order 400)
  Profiles:
    Profile "group2"
  Rule matches:
    Policy "abcdefghijklmnopqrstuvwxyzABCDEFGHIJKLMNOPQRSTUVWXYZ" inbound rule 1 source match
    Policy "abcdefghijklmnopqrstuvwxyzABCDEFGHIJKLMNOPQRSTUVWXYZ" outbound rule 1 destination match
    Policy "p1" inbound rule 1 source match
