policy abcdefghijklmnopqrstuvwxyz

Policy "abcdefghijklmnopqrstuvwxyz" applies to these endpoints:
  Workload endpoint host1/k8s/group2.g2w1/eth0; selector "projectcalico.org/namespace == 'group2'"
  Workload endpoint host1/k8s/group2.g2w2/eth0; selector "projectcalico.org/namespace == 'group2'"
  Workload endpoint host1/k8s/group2.g2w3/eth0; selector "projectcalico.org/namespace == 'group2'"

Endpoints matching Policy "abcdefghijklmnopqrstuvwxyz" rules:
  Workload endpoint host1/k8s/group1.g1w1/eth0
    inbound rule 1 source match; selector "projectcalico.org/namespace in {'group1','group2'}"
    outbound rule 1 destination match; selector "projectcalico.org/namespace in {'group1','group2'}"
  Workload endpoint host1/k8s/group1.g1w2/eth0
    inbound rule 1 source match; selector "projectcalico.org/namespace in {'group1','group2'}"
    outbound rule 1 destination match; selector "projectcalico.org/namespace in {'group1','group2'}"
  Workload endpoint host1/k8s/group1.g1w3/eth0
    inbound rule 1 source match; selector "projectcalico.org/namespace in {'group1','group2'}"
    outbound rule 1 destination match; selector "projectcalico.org/namespace in {'group1','group2'}"
  Workload endpoint host1/k8s/group2.g2w1/eth0
    inbound rule 1 source match; selector "projectcalico.org/namespace in {'group1','group2'}"
    outbound rule 1 destination match; selector "projectcalico.org/namespace in {'group1','group2'}"
  Workload endpoint host1/k8s/group2.g2w2/eth0
    inbound rule 1 source match; selector "projectcalico.org/namespace in {'group1','group2'}"
    outbound rule 1 destination match; selector "projectcalico.org/namespace in {'group1','group2'}"
  Workload endpoint host1/k8s/group2.g2w3/eth0
    inbound rule 1 source match; selector "projectcalico.org/namespace in {'group1','group2'}"
    outbound rule 1 destination match; selector "projectcalico.org/namespace in {'group1','group2'}"
