policy abcdefghijklmnopqrstuvwxyzABCDEFGHIJKLMNOPQRSTUVWXYZ --hide-selectors

Endpoints matching policy abcdefghijklmnopqrstuvwxyzABCDEFGHIJKLMNOPQRSTUVWXYZ:
  Workload endpoint host1/k8s/g1w1/eth0
    inbound rule 1 source match
    outbound rule 1 destination match
  Workload endpoint host1/k8s/g1w2/eth0
    inbound rule 1 source match
    outbound rule 1 destination match
  Workload endpoint host1/k8s/g1w3/eth0
    inbound rule 1 source match
    outbound rule 1 destination match
  Workload endpoint host1/k8s/g2w1/eth0
    applicable endpoints
    inbound rule 1 source match
    outbound rule 1 destination match
  Workload endpoint host1/k8s/g2w2/eth0
    applicable endpoints
    inbound rule 1 source match
    outbound rule 1 destination match
  Workload endpoint host1/k8s/g2w3/eth0
    applicable endpoints
    inbound rule 1 source match
    outbound rule 1 destination match
