policy abcdefghijklmnopqrstuvwxyzABCDEFGHIJKLMNOPQRSTUVWXYZ --hide-rule-matches

Policy "abcdefghijklmnopqrstuvwxyzABCDEFGHIJKLMNOPQRSTUVWXYZ" applies to these endpoints:
  Workload endpoint host1/k8s/g2w1/eth0; selector "calico/k8s_ns == 'group2'"
  Workload endpoint host1/k8s/g2w2/eth0; selector "calico/k8s_ns == 'group2'"
  Workload endpoint host1/k8s/g2w3/eth0; selector "calico/k8s_ns == 'group2'"
