policy abcdefghijklmnopqrstuvwxyzABCDEFGHIJKLMNOPQRSTUVWXYZ --hide-rule-matches --hide-selectors

Policy "abcdefghijklmnopqrstuvwxyzABCDEFGHIJKLMNOPQRSTUVWXYZ" applies to these endpoints:
  Workload endpoint host1/k8s/g2w1/eth0
  Workload endpoint host1/k8s/g2w2/eth0
  Workload endpoint host1/k8s/g2w3/eth0
