policy p1 -r

Policy "p1" applies to these endpoints:
  Workload endpoint host1/k8s/group1.g1w1/eth0; selector "projectcalico.org/namespace == 'group1'"
  Workload endpoint host1/k8s/group1.g1w2/eth0; selector "projectcalico.org/namespace == 'group1'"
  Workload endpoint host1/k8s/group1.g1w3/eth0; selector "projectcalico.org/namespace == 'group1'"
