host somewhere_else

Policies that match each endpoint:
