host somewhere_else -o yaml

- description: Policies and profiles for each endpoint on host "somewhere_else"

