{
    "firewallpolicy.pan-zone-zone3-035hs": {
        "kind": "GlobalNetworkPolicy",
        "apiVersion": "projectcalico.org/v3",
        "metadata": {
            "name": "firewallpolicy.pan-zone-zone3-035hs",
            "creationTimestamp": null,
            "annotations": {
                "firewall.tigera.io/latest_cache_update": "06-08-2022 11:38:48",
                "firewall.tigera.io/object-type": "Zone",
                "firewall.tigera.io/type": "Panorama"
            }
        },
        "spec": {
            "tier": "firewallpolicy",
            "order": 0,
            "ingress": [
                {
                    "action": "Allow",
                    "protocol": "TCP",
                    "source": {
                        "selector": "firewall.tigera.io/zone == 'zone5'",
                        "ports": [
                            80
                        ]
                    },
                    "destination": {
                        "ports": [
                            8080
                        ]
                    },
                    "metadata": {
                        "annotations": {
                            "firewall.tigera.io/destination": "zone.zone3",
                            "firewall.tigera.io/rank": "6",
                            "firewall.tigera.io/rule": "postrule1",
                            "firewall.tigera.io/source": "zone.zone5"
                        }
                    }
                }
            ],
            "egress": [
                {
                    "action": "Allow",
                    "protocol": "UDP",
                    "source": {
                        "ports": [
                            "401:555"
                        ]
                    },
                    "destination": {
                        "nets": [
                            "10.10.10.12/31"
                        ],
                        "ports": [
                            8080
                        ]
                    },
                    "metadata": {
                        "annotations": {
                            "firewall.tigera.io/destination": "address.address3",
                            "firewall.tigera.io/rank": "4",
                            "firewall.tigera.io/rule": "prerule5",
                            "firewall.tigera.io/source": "zone.zone3"
                        }
                    }
                },
                {
                    "action": "Allow",
                    "protocol": "UDP",
                    "source": {
                        "ports": [
                            "401:555"
                        ]
                    },
                    "destination": {
                        "selector": "firewall.tigera.io/address-group == 'addressgroup1'",
                        "ports": [
                            8080
                        ]
                    },
                    "metadata": {
                        "annotations": {
                            "firewall.tigera.io/destination": "address-group.addressgroup1",
                            "firewall.tigera.io/rank": "4",
                            "firewall.tigera.io/rule": "prerule5",
                            "firewall.tigera.io/source": "zone.zone3"
                        }
                    }
                },
                {
                    "action": "Allow",
                    "protocol": "UDP",
                    "source": {
                        "ports": [
                            "401:555"
                        ]
                    },
                    "destination": {
                        "selector": "firewall.tigera.io/zone == 'zone1'",
                        "ports": [
                            8080
                        ]
                    },
                    "metadata": {
                        "annotations": {
                            "firewall.tigera.io/destination": "zone.zone1",
                            "firewall.tigera.io/rank": "4",
                            "firewall.tigera.io/rule": "prerule5",
                            "firewall.tigera.io/source": "zone.zone3"
                        }
                    }
                },
                {
                    "action": "Allow",
                    "protocol": "UDP",
                    "source": {
                        "ports": [
                            "401:555"
                        ]
                    },
                    "destination": {
                        "selector": "firewall.tigera.io/zone == 'zone4'",
                        "ports": [
                            8080
                        ]
                    },
                    "metadata": {
                        "annotations": {
                            "firewall.tigera.io/destination": "zone.zone4",
                            "firewall.tigera.io/rank": "4",
                            "firewall.tigera.io/rule": "prerule5",
                            "firewall.tigera.io/source": "zone.zone3"
                        }
                    }
                }
            ],
            "selector": "firewall.tigera.io/zone == 'zone3'",
            "types": [
                "Ingress",
                "Egress"
            ]
        }
    },
    "firewallpolicy.pan-zone-zone2-8rtpo": {
        "kind": "GlobalNetworkPolicy",
        "apiVersion": "projectcalico.org/v3",
        "metadata": {
            "name": "firewallpolicy.pan-zone-zone2-8rtpo",
            "creationTimestamp": null,
            "annotations": {
                "firewall.tigera.io/latest_cache_update": "06-08-2022 11:38:48",
                "firewall.tigera.io/object-type": "Zone",
                "firewall.tigera.io/type": "Panorama"
            }
        },
        "spec": {
            "tier": "firewallpolicy",
            "order": 0,
            "egress": [
                {
                    "action": "Deny",
                    "protocol": "UDP",
                    "source": {
                        "ports": [
                            "401:555"
                        ]
                    },
                    "destination": {
                        "selector": "firewall.tigera.io/zone == 'zone1'",
                        "ports": [
                            8080
                        ]
                    },
                    "metadata": {
                        "annotations": {
                            "firewall.tigera.io/destination": "zone.zone1",
                            "firewall.tigera.io/rank": "7",
                            "firewall.tigera.io/rule": "postrule2",
                            "firewall.tigera.io/source": "zone.zone2"
                        }
                    }
                }
            ],
            "ingress": [],
            "selector": "firewall.tigera.io/zone == 'zone2'",
            "types": [
                "Egress"
            ]
        }
    },
    "firewallpolicy.pan-zone-zone8-hr3jt": {
        "kind": "GlobalNetworkPolicy",
        "apiVersion": "projectcalico.org/v3",
        "metadata": {
            "name": "firewallpolicy.pan-zone-zone8-hr3jt",
            "creationTimestamp": null,
            "annotations": {
                "firewall.tigera.io/latest_cache_update": "06-08-2022 11:38:48",
                "firewall.tigera.io/object-type": "Zone",
                "firewall.tigera.io/type": "Panorama"
            }
        },
        "spec": {
            "tier": "firewallpolicy",
            "order": 0,
            "egress": [],
            "ingress": [
                {
                    "action": "Allow",
                    "protocol": "TCP",
                    "source": {
                        "selector": "firewall.tigera.io/zone == 'zone5'",
                        "ports": [
                            80
                        ]
                    },
                    "destination": {
                        "ports": [
                            8080
                        ]
                    },
                    "metadata": {
                        "annotations": {
                            "firewall.tigera.io/destination": "zone.zone8",
                            "firewall.tigera.io/rank": "6",
                            "firewall.tigera.io/rule": "postrule1",
                            "firewall.tigera.io/source": "zone.zone5"
                        }
                    }
                }
            ],
            "selector": "firewall.tigera.io/zone == 'zone8'",
            "types": [
                "Ingress"
            ]
        }
    },
    "firewallpolicy.pan-zone-zone4-bkigv": {
        "kind": "GlobalNetworkPolicy",
        "apiVersion": "projectcalico.org/v3",
        "metadata": {
            "name": "firewallpolicy.pan-zone-zone4-bkigv",
            "creationTimestamp": null,
            "annotations": {
                "firewall.tigera.io/latest_cache_update": "06-08-2022 11:38:48",
                "firewall.tigera.io/object-type": "Zone",
                "firewall.tigera.io/type": "Panorama"
            }
        },
        "spec": {
            "tier": "firewallpolicy",
            "order": 0,
            "ingress": [
                {
                    "action": "Allow",
                    "protocol": "UDP",
                    "source": {
                        "nets": [
                            "10.10.10.11/31"
                        ],
                        "ports": [
                            "401:555"
                        ]
                    },
                    "destination": {
                        "ports": [
                            8080
                        ]
                    },
                    "metadata": {
                        "annotations": {
                            "firewall.tigera.io/destination": "zone.zone4",
                            "firewall.tigera.io/rank": "4",
                            "firewall.tigera.io/rule": "prerule5",
                            "firewall.tigera.io/source": "address.address2"
                        }
                    }
                },
                {
                    "action": "Allow",
                    "protocol": "UDP",
                    "source": {
                        "selector": "firewall.tigera.io/zone == 'zone3'",
                        "ports": [
                            "401:555"
                        ]
                    },
                    "destination": {
                        "ports": [
                            8080
                        ]
                    },
                    "metadata": {
                        "annotations": {
                            "firewall.tigera.io/destination": "zone.zone4",
                            "firewall.tigera.io/rank": "4",
                            "firewall.tigera.io/rule": "prerule5",
                            "firewall.tigera.io/source": "zone.zone3"
                        }
                    }
                },
                {
                    "action": "Allow",
                    "protocol": "UDP",
                    "source": {
                        "nets": [
                            "10.10.10.14/32"
                        ],
                        "ports": [
                            "1:5",
                            9
                        ]
                    },
                    "destination": {
                        "ports": [
                            "8080:8081"
                        ]
                    },
                    "metadata": {
                        "annotations": {
                            "firewall.tigera.io/destination": "zone.zone4",
                            "firewall.tigera.io/rank": "5",
                            "firewall.tigera.io/rule": "prerule6",
                            "firewall.tigera.io/source": "address.address5"
                        }
                    }
                },
                {
                    "action": "Allow",
                    "protocol": "UDP",
                    "source": {
                        "nets": [
                            "10.10.10.11/31"
                        ],
                        "ports": [
                            "1:5",
                            9
                        ]
                    },
                    "destination": {
                        "ports": [
                            "8080:8081"
                        ]
                    },
                    "metadata": {
                        "annotations": {
                            "firewall.tigera.io/destination": "zone.zone4",
                            "firewall.tigera.io/rank": "5",
                            "firewall.tigera.io/rule": "prerule6",
                            "firewall.tigera.io/source": "address.address2"
                        }
                    }
                },
                {
                    "action": "Allow",
                    "protocol": "UDP",
                    "source": {
                        "selector": "firewall.tigera.io/zone == 'zone1'",
                        "ports": [
                            "1:5",
                            9
                        ]
                    },
                    "destination": {
                        "ports": [
                            "8080:8081"
                        ]
                    },
                    "metadata": {
                        "annotations": {
                            "firewall.tigera.io/destination": "zone.zone4",
                            "firewall.tigera.io/rank": "5",
                            "firewall.tigera.io/rule": "prerule6",
                            "firewall.tigera.io/source": "zone.zone1"
                        }
                    }
                }
            ],
            "egress": [
                {
                    "action": "Allow",
                    "protocol": "TCP",
                    "source": {
                        "ports": [
                            "1:5"
                        ]
                    },
                    "destination": {
                        "selector": "firewall.tigera.io/zone == 'zone6'",
                        "ports": [
                            "8080:8081"
                        ]
                    },
                    "metadata": {
                        "annotations": {
                            "firewall.tigera.io/destination": "zone.zone6",
                            "firewall.tigera.io/rank": "8",
                            "firewall.tigera.io/rule": "postrule3",
                            "firewall.tigera.io/source": "zone.zone4"
                        }
                    }
                },
                {
                    "action": "Allow",
                    "protocol": "UDP",
                    "source": {
                        "ports": [
                            "1:5",
                            9
                        ]
                    },
                    "destination": {
                        "selector": "firewall.tigera.io/zone == 'zone6'",
                        "ports": [
                            "8080:8081"
                        ]
                    },
                    "metadata": {
                        "annotations": {
                            "firewall.tigera.io/destination": "zone.zone6",
                            "firewall.tigera.io/rank": "8",
                            "firewall.tigera.io/rule": "postrule3",
                            "firewall.tigera.io/source": "zone.zone4"
                        }
                    }
                }
            ],
            "selector": "firewall.tigera.io/zone == 'zone4'",
            "types": [
                "Ingress",
                "Egress"
            ]
        }
    },
    "firewallpolicy.pan-zone-zone1-4sfak": {
        "kind": "GlobalNetworkPolicy",
        "apiVersion": "projectcalico.org/v3",
        "metadata": {
            "name": "firewallpolicy.pan-zone-zone1-4sfak",
            "creationTimestamp": null,
            "annotations": {
                "firewall.tigera.io/latest_cache_update": "06-08-2022 11:38:48",
                "firewall.tigera.io/object-type": "Zone",
                "firewall.tigera.io/type": "Panorama"
            }
        },
        "spec": {
            "tier": "firewallpolicy",
            "order": 0,
            "ingress": [
                {
                    "action": "Allow",
                    "protocol": "UDP",
                    "source": {
                        "nets": [
                            "10.10.10.11/31"
                        ],
                        "ports": [
                            "401:555"
                        ]
                    },
                    "destination": {
                        "ports": [
                            8080
                        ]
                    },
                    "metadata": {
                        "annotations": {
                            "firewall.tigera.io/destination": "zone.zone1",
                            "firewall.tigera.io/rank": "4",
                            "firewall.tigera.io/rule": "prerule5",
                            "firewall.tigera.io/source": "address.address2"
                        }
                    }
                },
                {
                    "action": "Allow",
                    "protocol": "UDP",
                    "source": {
                        "selector": "firewall.tigera.io/zone == 'zone3'",
                        "ports": [
                            "401:555"
                        ]
                    },
                    "destination": {
                        "ports": [
                            8080
                        ]
                    },
                    "metadata": {
                        "annotations": {
                            "firewall.tigera.io/destination": "zone.zone1",
                            "firewall.tigera.io/rank": "4",
                            "firewall.tigera.io/rule": "prerule5",
                            "firewall.tigera.io/source": "zone.zone3"
                        }
                    }
                },
                {
                    "action": "Deny",
                    "protocol": "UDP",
                    "source": {
                        "nets": [
                            "10.10.10.10/31"
                        ],
                        "ports": [
                            "401:555"
                        ]
                    },
                    "destination": {
                        "ports": [
                            8080
                        ]
                    },
                    "metadata": {
                        "annotations": {
                            "firewall.tigera.io/destination": "zone.zone1",
                            "firewall.tigera.io/rank": "7",
                            "firewall.tigera.io/rule": "postrule2",
                            "firewall.tigera.io/source": "address.address1"
                        }
                    }
                },
                {
                    "action": "Deny",
                    "protocol": "UDP",
                    "source": {
                        "selector": "firewall.tigera.io/zone == 'zone2'",
                        "ports": [
                            "401:555"
                        ]
                    },
                    "destination": {
                        "ports": [
                            8080
                        ]
                    },
                    "metadata": {
                        "annotations": {
                            "firewall.tigera.io/destination": "zone.zone1",
                            "firewall.tigera.io/rank": "7",
                            "firewall.tigera.io/rule": "postrule2",
                            "firewall.tigera.io/source": "zone.zone2"
                        }
                    }
                }
            ],
            "egress": [
                {
                    "action": "Allow",
                    "protocol": "UDP",
                    "source": {
                        "ports": [
                            "1:5",
                            9
                        ]
                    },
                    "destination": {
                        "ports": [
                            "8080:8081"
                        ],
                        "domains": [
                            "www.tigera-test6.gr"
                        ]
                    },
                    "metadata": {
                        "annotations": {
                            "firewall.tigera.io/destination": "address.address8",
                            "firewall.tigera.io/rank": "5",
                            "firewall.tigera.io/rule": "prerule6",
                            "firewall.tigera.io/source": "zone.zone1"
                        }
                    }
                },
                {
                    "action": "Allow",
                    "protocol": "UDP",
                    "source": {
                        "ports": [
                            "1:5",
                            9
                        ]
                    },
                    "destination": {
                        "nets": [
                            "10.10.10.12/31"
                        ],
                        "ports": [
                            "8080:8081"
                        ]
                    },
                    "metadata": {
                        "annotations": {
                            "firewall.tigera.io/destination": "address.address3",
                            "firewall.tigera.io/rank": "5",
                            "firewall.tigera.io/rule": "prerule6",
                            "firewall.tigera.io/source": "zone.zone1"
                        }
                    }
                },
                {
                    "action": "Allow",
                    "protocol": "UDP",
                    "source": {
                        "ports": [
                            "1:5",
                            9
                        ]
                    },
                    "destination": {
                        "selector": "firewall.tigera.io/address-group == 'addressgroup1'",
                        "ports": [
                            "8080:8081"
                        ]
                    },
                    "metadata": {
                        "annotations": {
                            "firewall.tigera.io/destination": "address-group.addressgroup1",
                            "firewall.tigera.io/rank": "5",
                            "firewall.tigera.io/rule": "prerule6",
                            "firewall.tigera.io/source": "zone.zone1"
                        }
                    }
                },
                {
                    "action": "Allow",
                    "protocol": "UDP",
                    "source": {
                        "ports": [
                            "1:5",
                            9
                        ]
                    },
                    "destination": {
                        "selector": "firewall.tigera.io/zone == 'zone4'",
                        "ports": [
                            "8080:8081"
                        ]
                    },
                    "metadata": {
                        "annotations": {
                            "firewall.tigera.io/destination": "zone.zone4",
                            "firewall.tigera.io/rank": "5",
                            "firewall.tigera.io/rule": "prerule6",
                            "firewall.tigera.io/source": "zone.zone1"
                        }
                    }
                },
                {
                    "action": "Allow",
                    "protocol": "UDP",
                    "source": {
                        "ports": [
                            "1:5",
                            9
                        ]
                    },
                    "destination": {
                        "selector": "firewall.tigera.io/zone == 'zone5'",
                        "ports": [
                            "8080:8081"
                        ]
                    },
                    "metadata": {
                        "annotations": {
                            "firewall.tigera.io/destination": "zone.zone5",
                            "firewall.tigera.io/rank": "5",
                            "firewall.tigera.io/rule": "prerule6",
                            "firewall.tigera.io/source": "zone.zone1"
                        }
                    }
                }
            ],
            "selector": "firewall.tigera.io/zone == 'zone1'",
            "types": [
                "Ingress",
                "Egress"
            ]
        }
    },
    "firewallpolicy.pan-zone-zone5-i5puc": {
        "kind": "GlobalNetworkPolicy",
        "apiVersion": "projectcalico.org/v3",
        "metadata": {
            "name": "firewallpolicy.pan-zone-zone5-i5puc",
            "creationTimestamp": null,
            "annotations": {
                "firewall.tigera.io/latest_cache_update": "06-08-2022 11:38:48",
                "firewall.tigera.io/object-type": "Zone",
                "firewall.tigera.io/type": "Panorama"
            }
        },
        "spec": {
            "tier": "firewallpolicy",
            "order": 0,
            "ingress": [
                {
                    "action": "Allow",
                    "protocol": "UDP",
                    "source": {
                        "nets": [
                            "10.10.10.14/32"
                        ],
                        "ports": [
                            "1:5",
                            9
                        ]
                    },
                    "destination": {
                        "ports": [
                            "8080:8081"
                        ]
                    },
                    "metadata": {
                        "annotations": {
                            "firewall.tigera.io/destination": "zone.zone5",
                            "firewall.tigera.io/rank": "5",
                            "firewall.tigera.io/rule": "prerule6",
                            "firewall.tigera.io/source": "address.address5"
                        }
                    }
                },
                {
                    "action": "Allow",
                    "protocol": "UDP",
                    "source": {
                        "nets": [
                            "10.10.10.11/31"
                        ],
                        "ports": [
                            "1:5",
                            9
                        ]
                    },
                    "destination": {
                        "ports": [
                            "8080:8081"
                        ]
                    },
                    "metadata": {
                        "annotations": {
                            "firewall.tigera.io/destination": "zone.zone5",
                            "firewall.tigera.io/rank": "5",
                            "firewall.tigera.io/rule": "prerule6",
                            "firewall.tigera.io/source": "address.address2"
                        }
                    }
                },
                {
                    "action": "Allow",
                    "protocol": "UDP",
                    "source": {
                        "selector": "firewall.tigera.io/zone == 'zone1'",
                        "ports": [
                            "1:5",
                            9
                        ]
                    },
                    "destination": {
                        "ports": [
                            "8080:8081"
                        ]
                    },
                    "metadata": {
                        "annotations": {
                            "firewall.tigera.io/destination": "zone.zone5",
                            "firewall.tigera.io/rank": "5",
                            "firewall.tigera.io/rule": "prerule6",
                            "firewall.tigera.io/source": "zone.zone1"
                        }
                    }
                }
            ],
            "egress": [
                {
                    "action": "Allow",
                    "protocol": "TCP",
                    "source": {
                        "ports": [
                            80
                        ]
                    },
                    "destination": {
                        "ports": [
                            8080
                        ],
                        "domains": [
                            "www.tigera-test1.gr"
                        ]
                    },
                    "metadata": {
                        "annotations": {
                            "firewall.tigera.io/destination": "address.address7",
                            "firewall.tigera.io/rank": "6",
                            "firewall.tigera.io/rule": "postrule1",
                            "firewall.tigera.io/source": "zone.zone5"
                        }
                    }
                },
                {
                    "action": "Allow",
                    "protocol": "TCP",
                    "source": {
                        "ports": [
                            80
                        ]
                    },
                    "destination": {
                        "ports": [
                            8080
                        ],
                        "domains": [
                            "www.tigera-test6.gr"
                        ]
                    },
                    "metadata": {
                        "annotations": {
                            "firewall.tigera.io/destination": "address.address8",
                            "firewall.tigera.io/rank": "6",
                            "firewall.tigera.io/rule": "postrule1",
                            "firewall.tigera.io/source": "zone.zone5"
                        }
                    }
                },
                {
                    "action": "Allow",
                    "protocol": "TCP",
                    "source": {
                        "ports": [
                            80
                        ]
                    },
                    "destination": {
                        "selector": "firewall.tigera.io/zone == 'zone3'",
                        "ports": [
                            8080
                        ]
                    },
                    "metadata": {
                        "annotations": {
                            "firewall.tigera.io/destination": "zone.zone3",
                            "firewall.tigera.io/rank": "6",
                            "firewall.tigera.io/rule": "postrule1",
                            "firewall.tigera.io/source": "zone.zone5"
                        }
                    }
                },
                {
                    "action": "Allow",
                    "protocol": "TCP",
                    "source": {
                        "ports": [
                            80
                        ]
                    },
                    "destination": {
                        "selector": "firewall.tigera.io/zone == 'zone8'",
                        "ports": [
                            8080
                        ]
                    },
                    "metadata": {
                        "annotations": {
                            "firewall.tigera.io/destination": "zone.zone8",
                            "firewall.tigera.io/rank": "6",
                            "firewall.tigera.io/rule": "postrule1",
                            "firewall.tigera.io/source": "zone.zone5"
                        }
                    }
                }
            ],
            "selector": "firewall.tigera.io/zone == 'zone5'",
            "types": [
                "Ingress",
                "Egress"
            ]
        }
    },
    "firewallpolicy.pan-zone-zone6-vfo1j": {
        "kind": "GlobalNetworkPolicy",
        "apiVersion": "projectcalico.org/v3",
        "metadata": {
            "name": "firewallpolicy.pan-zone-zone6-vfo1j",
            "creationTimestamp": null,
            "annotations": {
                "firewall.tigera.io/latest_cache_update": "06-08-2022 11:38:48",
                "firewall.tigera.io/object-type": "Zone",
                "firewall.tigera.io/type": "Panorama"
            }
        },
        "spec": {
            "tier": "firewallpolicy",
            "order": 0,
            "egress": [],
            "ingress": [
                {
                    "action": "Allow",
                    "protocol": "TCP",
                    "source": {
                        "selector": "firewall.tigera.io/address-group == 'addressgroup1'",
                        "ports": [
                            "1:5"
                        ]
                    },
                    "destination": {
                        "ports": [
                            "8080:8081"
                        ]
                    },
                    "metadata": {
                        "annotations": {
                            "firewall.tigera.io/destination": "zone.zone6",
                            "firewall.tigera.io/rank": "8",
                            "firewall.tigera.io/rule": "postrule3",
                            "firewall.tigera.io/source": "address-group.addressgroup1"
                        }
                    }
                },
                {
                    "action": "Allow",
                    "protocol": "UDP",
                    "source": {
                        "selector": "firewall.tigera.io/address-group == 'addressgroup1'",
                        "ports": [
                            "1:5",
                            9
                        ]
                    },
                    "destination": {
                        "ports": [
                            "8080:8081"
                        ]
                    },
                    "metadata": {
                        "annotations": {
                            "firewall.tigera.io/destination": "zone.zone6",
                            "firewall.tigera.io/rank": "8",
                            "firewall.tigera.io/rule": "postrule3",
                            "firewall.tigera.io/source": "address-group.addressgroup1"
                        }
                    }
                },
                {
                    "action": "Allow",
                    "protocol": "TCP",
                    "source": {
                        "selector": "firewall.tigera.io/zone == 'zone4'",
                        "ports": [
                            "1:5"
                        ]
                    },
                    "destination": {
                        "ports": [
                            "8080:8081"
                        ]
                    },
                    "metadata": {
                        "annotations": {
                            "firewall.tigera.io/destination": "zone.zone6",
                            "firewall.tigera.io/rank": "8",
                            "firewall.tigera.io/rule": "postrule3",
                            "firewall.tigera.io/source": "zone.zone4"
                        }
                    }
                },
                {
                    "action": "Allow",
                    "protocol": "UDP",
                    "source": {
                        "selector": "firewall.tigera.io/zone == 'zone4'",
                        "ports": [
                            "1:5",
                            9
                        ]
                    },
                    "destination": {
                        "ports": [
                            "8080:8081"
                        ]
                    },
                    "metadata": {
                        "annotations": {
                            "firewall.tigera.io/destination": "zone.zone6",
                            "firewall.tigera.io/rank": "8",
                            "firewall.tigera.io/rule": "postrule3",
                            "firewall.tigera.io/source": "zone.zone4"
                        }
                    }
                }
            ],
            "selector": "firewall.tigera.io/zone == 'zone6'",
            "types": [
                "Ingress"
            ]
        }
    }    
}
