host rack1-host1 -o json

[
  {
    "description": "Policies and profiles for each endpoint on host \"rack1-host1\"",
    "endpoints": [
      {
        "node": "rack1-host1",
        "orchestrator": "k8s",
        "workload": "default/frontend-5gs43",
        "name": "eth0",
        "profiles": [
          {
            "name": "profile1"
          }
        ]
      }
    ]
  }
]
