eval app=="rubbish" -o yaml

- description: Endpoints matching selector app=="rubbish"


Plus 2 lines on stderr
