eval app=="rubbish" -o json

[
  {
    "description": "Endpoints matching selector app==\"rubbish\""
  }
]
