host somewhere_else -o json

[
  {
    "description": "Policies and profiles for each endpoint on host \"somewhere_else\""
  }
]
